2026-08-04T00:27:07.750+05:30  INFO 6952 --- [sims] [RMI TCP Connection(109)-127.0.0.1] inMXBeanRegistrar$SpringApplicationAdmin : Application shutdown requested.
2026-08-04T00:27:07.771+05:30  INFO 6952 --- [sims] [RMI TCP Connection(109)-127.0.0.1] o.s.boot.tomcat.GracefulShutdown         : Commencing graceful shutdown. Waiting for active requests to complete
2026-08-04T00:27:07.782+05:30  INFO 6952 --- [sims] [tomcat-shutdown] o.s.boot.tomcat.GracefulShutdown         : Graceful shutdown complete
2026-08-04T00:27:07.796+05:30  INFO 6952 --- [sims] [RMI TCP Connection(109)-127.0.0.1] j.LocalContainerEntityManagerFactoryBean : Closing JPA EntityManagerFactory for persistence unit 'default'
2026-08-04T00:27:07.803+05:30  INFO 6952 --- [sims] [RMI TCP Connection(109)-127.0.0.1] com.zaxxer.hikari.HikariDataSource       : HikariPool-1 - Shutdown initiated...
2026-08-04T00:27:07.809+05:30  INFO 6952 --- [sims] [RMI TCP Connection(109)-127.0.0.1] com.zaxxer.hikari.HikariDataSource       : HikariPool-1 - Shutdown completed.
2026-08-04T10:49:00.570+05:30  INFO 33152 --- [sims] [restartedMain] com.invisos.sims.SimsApplication         : Starting SimsApplication using Java 25.0.4 with PID 33152 (D:\PRODUCTS\SIMS\sims\backend\target\classes started by SUDHARSAN in D:\PRODUCTS\SIMS\sims\backend)
2026-08-04T10:49:00.610+05:30  INFO 33152 --- [sims] [restartedMain] com.invisos.sims.SimsApplication         : No active profile set, falling back to 1 default profile: "default"
2026-08-04T10:49:00.667+05:30  INFO 33152 --- [sims] [restartedMain] .e.DevToolsPropertyDefaultsPostProcessor : Devtools property defaults active! Set 'spring.devtools.add-properties' to 'false' to disable
2026-08-04T10:49:00.667+05:30  INFO 33152 --- [sims] [restartedMain] .e.DevToolsPropertyDefaultsPostProcessor : For additional web related logging consider setting the 'logging.level.web' property to 'DEBUG'
2026-08-04T10:49:03.168+05:30  INFO 33152 --- [sims] [restartedMain] .s.d.r.c.RepositoryConfigurationDelegate : Bootstrapping Spring Data JPA repositories in DEFAULT mode.
2026-08-04T10:49:03.572+05:30  INFO 33152 --- [sims] [restartedMain] .s.d.r.c.RepositoryConfigurationDelegate : Finished Spring Data repository scanning in 382 ms. Found 23 JPA repository interfaces.
2026-08-04T10:49:04.659+05:30  INFO 33152 --- [sims] [restartedMain] o.s.boot.tomcat.TomcatWebServer          : Tomcat initialized with port 8081 (http)
2026-08-04T10:49:04.681+05:30  INFO 33152 --- [sims] [restartedMain] o.apache.catalina.core.StandardService   : Starting service [Tomcat]
2026-08-04T10:49:04.682+05:30  INFO 33152 --- [sims] [restartedMain] o.apache.catalina.core.StandardEngine    : Starting Servlet engine: [Apache Tomcat/11.0.22]
2026-08-04T10:49:04.755+05:30  INFO 33152 --- [sims] [restartedMain] b.w.c.s.WebApplicationContextInitializer : Root WebApplicationContext: initialization completed in 4087 ms
2026-08-04T10:49:05.426+05:30  INFO 33152 --- [sims] [restartedMain] com.zaxxer.hikari.HikariDataSource       : HikariPool-1 - Starting...
2026-08-04T10:49:05.934+05:30  INFO 33152 --- [sims] [restartedMain] com.zaxxer.hikari.pool.HikariPool        : HikariPool-1 - Added connection com.mysql.cj.jdbc.ConnectionImpl@2643ecc6
2026-08-04T10:49:05.937+05:30  INFO 33152 --- [sims] [restartedMain] com.zaxxer.hikari.HikariDataSource       : HikariPool-1 - Start completed.
2026-08-04T10:49:05.979+05:30  INFO 33152 --- [sims] [restartedMain] org.flywaydb.core.FlywayExecutor         : Database: jdbc:mysql://localhost:3306/sims?createDatabaseIfNotExist=true (MySQL 8.0)
2026-08-04T10:49:06.189+05:30  INFO 33152 --- [sims] [restartedMain] o.f.core.internal.command.DbValidate     : Successfully validated 3 migrations (execution time 00:00.118s)
2026-08-04T10:49:06.233+05:30  INFO 33152 --- [sims] [restartedMain] o.f.core.internal.command.DbMigrate      : Current version of schema `sims`: 3
2026-08-04T10:49:06.241+05:30  INFO 33152 --- [sims] [restartedMain] o.f.core.internal.command.DbMigrate      : Schema `sims` is up to date. No migration necessary.
2026-08-04T10:49:06.460+05:30  INFO 33152 --- [sims] [restartedMain] org.hibernate.orm.jpa                    : HHH008540: Processing PersistenceUnitInfo [name: default]
2026-08-04T10:49:06.540+05:30  INFO 33152 --- [sims] [restartedMain] org.hibernate.orm.core                   : HHH000001: Hibernate ORM core version 7.4.1.Final
2026-08-04T10:49:07.138+05:30  INFO 33152 --- [sims] [restartedMain] o.s.o.j.p.SpringPersistenceUnitInfo      : No LoadTimeWeaver setup: ignoring JPA class transformer
2026-08-04T10:49:07.259+05:30  INFO 33152 --- [sims] [restartedMain] org.hibernate.orm.connections.pooling    : HHH10001005: Database info:
	Database JDBC URL [jdbc:mysql://localhost:3306/sims?createDatabaseIfNotExist=true]
	Database driver: MySQL Connector/J
	Database dialect: MySQLDialect
	Database version: 8.0.46
	Default catalog/schema: sims/undefined
	Autocommit mode: undefined/unknown
	Isolation level: REPEATABLE_READ [default REPEATABLE_READ]
	JDBC fetch size: none
	Pool: DataSourceConnectionProvider
	Minimum pool size: undefined/unknown
	Maximum pool size: undefined/unknown
2026-08-04T10:49:07.276+05:30  INFO 33152 --- [sims] [restartedMain] org.hibernate.orm.incubating             : HHH90006001: Setting 'hibernate.type.preferred_uuid_jdbc_type' is still incubating (see Javadoc of corresponding member of 'org.hibernate.cfg.AvailableSettings')
2026-08-04T10:49:07.691+05:30  INFO 33152 --- [sims] [restartedMain] org.hibernate.orm.incubating             : HHH90006001: Setting 'hibernate.type.preferred_uuid_jdbc_type' is still incubating (see Javadoc of corresponding member of 'org.hibernate.cfg.AvailableSettings')
2026-08-04T10:49:08.951+05:30  INFO 33152 --- [sims] [restartedMain] org.hibernate.orm.core                   : HHH000489: No JTA platform available (set 'hibernate.transaction.jta.platform' to enable JTA platform integration)
2026-08-04T10:49:09.017+05:30  INFO 33152 --- [sims] [restartedMain] j.LocalContainerEntityManagerFactoryBean : Initialized JPA EntityManagerFactory for persistence unit 'default'
2026-08-04T10:49:09.130+05:30  INFO 33152 --- [sims] [restartedMain] o.s.d.j.r.query.QueryEnhancerFactories   : Hibernate is in classpath; If applicable, HQL parser will be used.
2026-08-04T10:49:11.011+05:30  WARN 33152 --- [sims] [restartedMain] JpaBaseConfiguration$JpaWebConfiguration : spring.jpa.open-in-view is enabled by default. Therefore, database queries may be performed during view rendering. Explicitly configure spring.jpa.open-in-view to disable this warning
2026-08-04T10:49:11.170+05:30  WARN 33152 --- [sims] [restartedMain] .s.a.UserDetailsServiceAutoConfiguration : 

Using generated security password: c9b82680-51c2-4785-a87c-f238234c8f70

This generated password is for development use only. Your security configuration must be updated before running your application in production.

2026-08-04T10:49:11.190+05:30  INFO 33152 --- [sims] [restartedMain] r$InitializeUserDetailsManagerConfigurer : Global AuthenticationManager configured with UserDetailsService bean with name inMemoryUserDetailsManager
2026-08-04T10:49:12.342+05:30  INFO 33152 --- [sims] [restartedMain] o.s.boot.tomcat.TomcatWebServer          : Tomcat started on port 8081 (http) with context path '/'
2026-08-04T10:49:12.350+05:30  INFO 33152 --- [sims] [restartedMain] com.invisos.sims.SimsApplication         : Started SimsApplication in 12.319 seconds (process running for 13.539)
2026-08-04T10:49:12.354+05:30  WARN 33152 --- [sims] [restartedMain] o.s.core.events.SpringDocAppInitializer  : SpringDoc /v3/api-docs endpoint is enabled by default. To disable it in production, set the property 'springdoc.api-docs.enabled=false'
2026-08-04T10:49:12.354+05:30  WARN 33152 --- [sims] [restartedMain] o.s.core.events.SpringDocAppInitializer  : SpringDoc /swagger-ui.html endpoint is enabled by default. To disable it in production, set the property 'springdoc.swagger-ui.enabled=false'
2026-08-04T10:53:57.798+05:30  INFO 33152 --- [sims] [http-nio-8081-exec-3] o.a.c.c.C.[Tomcat].[localhost].[/]       : Initializing Spring DispatcherServlet 'dispatcherServlet'
2026-08-04T10:53:57.799+05:30  INFO 33152 --- [sims] [http-nio-8081-exec-3] o.s.web.servlet.DispatcherServlet        : Initializing Servlet 'dispatcherServlet'
2026-08-04T10:53:57.802+05:30  INFO 33152 --- [sims] [http-nio-8081-exec-3] o.s.web.servlet.DispatcherServlet        : Completed initialization in 2 ms
2026-08-04T10:53:58.138+05:30  WARN 33152 --- [sims] [http-nio-8081-exec-3] ration$PageModule$WarningLoggingModifier : Serializing PageImpl instances as-is is not supported, meaning that there is no guarantee about the stability of the resulting JSON structure!
	For a stable JSON structure, please use Spring Data's PagedModel (globally via @EnableSpringDataWebSupport(pageSerializationMode = VIA_DTO))
	or Spring HATEOAS and Spring Data's PagedResourcesAssembler as documented in https://docs.spring.io/spring-data/commons/reference/repositories/core-extensions.html#core.web.pageables.

2026-08-04T12:35:38.459+05:30  INFO 33152 --- [sims] [RMI TCP Connection(116)-127.0.0.1] inMXBeanRegistrar$SpringApplicationAdmin : Application shutdown requested.
2026-08-04T12:35:38.476+05:30  INFO 33152 --- [sims] [RMI TCP Connection(116)-127.0.0.1] o.s.boot.tomcat.GracefulShutdown         : Commencing graceful shutdown. Waiting for active requests to complete
2026-08-04T12:35:38.484+05:30  INFO 33152 --- [sims] [tomcat-shutdown] o.s.boot.tomcat.GracefulShutdown         : Graceful shutdown complete
2026-08-04T12:35:38.499+05:30  INFO 33152 --- [sims] [RMI TCP Connection(116)-127.0.0.1] j.LocalContainerEntityManagerFactoryBean : Closing JPA EntityManagerFactory for persistence unit 'default'
2026-08-04T12:35:38.509+05:30  INFO 33152 --- [sims] [RMI TCP Connection(116)-127.0.0.1] com.zaxxer.hikari.HikariDataSource       : HikariPool-1 - Shutdown initiated...
2026-08-04T12:35:38.513+05:30  INFO 33152 --- [sims] [RMI TCP Connection(116)-127.0.0.1] com.zaxxer.hikari.HikariDataSource       : HikariPool-1 - Shutdown completed.
